// Jest Snapshot v1, https://goo.gl/fbAQLP

exports[`github should have the expected watchers 1`] = `
Object {
  "fork": Array [
    Object {
      "@@redux-saga/IO": true,
      "FORK": Object {
        "args": Array [
          "GITHUB_GET_USERS",
          "@@redux-saga-test-plan/json/function/getUsers",
        ],
        "context": null,
        "fn": "@@redux-saga-test-plan/json/function/takeLatest",
      },
    },
    Object {
      "@@redux-saga/IO": true,
      "FORK": Object {
        "args": Array [
          "GITHUB_GET_USER",
          "@@redux-saga-test-plan/json/function/getUser",
        ],
        "context": null,
        "fn": "@@redux-saga-test-plan/json/function/takeLatest",
      },
    },
  ],
  "take": Array [
    Object {
      "@@redux-saga/IO": true,
      "TAKE": Object {
        "pattern": "GITHUB_GET_USERS",
      },
    },
    Object {
      "@@redux-saga/IO": true,
      "TAKE": Object {
        "pattern": "GITHUB_GET_USER",
      },
    },
  ],
}
`;
