// Jest Snapshot v1, https://goo.gl/fbAQLP

exports[`Constants:ActionTypes should match the snapshot 1`] = `
Object {
  "HIDE_ALERT": "HIDE_ALERT",
  "SHOW_ALERT": "SHOW_ALERT",
  "USER_LOGIN_FAILURE": "USER_LOGIN_FAILURE",
  "USER_LOGIN_REQUEST": "USER_LOGIN_REQUEST",
  "USER_LOGIN_SUCCESS": "USER_LOGIN_SUCCESS",
  "USER_LOGOUT_FAILURE": "USER_LOGOUT_FAILURE",
  "USER_LOGOUT_REQUEST": "USER_LOGOUT_REQUEST",
  "USER_LOGOUT_SUCCESS": "USER_LOGOUT_SUCCESS",
}
`;

exports[`Constants:XHR should match the snapshot 1`] = `
Object {
  "FAIL": "FAIL",
  "SUCCESS": "SUCCESS",
}
`;
