// Jest Snapshot v1, https://goo.gl/fbAQLP

exports[`constants should match the snapshot 1`] = `
Object {
  "EXCEPTION": "EXCEPTION",
  "GITHUB_GET_REPOS": "GITHUB_GET_REPOS",
  "GITHUB_GET_REPOS_FAILURE": "GITHUB_GET_REPOS_FAILURE",
  "GITHUB_GET_REPOS_SUCCESS": "GITHUB_GET_REPOS_SUCCESS",
  "GITHUB_GET_USER": "GITHUB_GET_USER",
  "GITHUB_GET_USERS": "GITHUB_GET_USERS",
  "GITHUB_GET_USERS_FAILURE": "GITHUB_GET_USERS_FAILURE",
  "GITHUB_GET_USERS_SUCCESS": "GITHUB_GET_USERS_SUCCESS",
  "GITHUB_GET_USER_FAILURE": "GITHUB_GET_USER_FAILURE",
  "GITHUB_GET_USER_SUCCESS": "GITHUB_GET_USER_SUCCESS",
  "HIDE_ALERT": "HIDE_ALERT",
  "SEARCH_REPOS": "SEARCH_REPOS",
  "SHOW_ALERT": "SHOW_ALERT",
  "USER_LOGIN": "USER_LOGIN",
  "USER_LOGIN_FAILURE": "USER_LOGIN_FAILURE",
  "USER_LOGIN_SUCCESS": "USER_LOGIN_SUCCESS",
  "USER_LOGOUT": "USER_LOGOUT",
  "USER_LOGOUT_FAILURE": "USER_LOGOUT_FAILURE",
  "USER_LOGOUT_SUCCESS": "USER_LOGOUT_SUCCESS",
}
`;

exports[`constants should match the snapshot 2`] = `
Object {
  "ERROR": "error",
  "IDLE": "idle",
  "READY": "ready",
  "RUNNING": "running",
  "SUCCESS": "success",
}
`;
