// Jest Snapshot v1, https://goo.gl/fbAQLP

exports[`Private should render properly 1`] = `"<div class=\\"app__private app__route\\"><div class=\\"app__container\\"></div></div>"`;
